<?xml version="1.0" encoding="utf-8"?><testsuites><testsuite name="pytest" errors="0" failures="0" skipped="0" tests="1" time="0.725" timestamp="2024-11-11T15:39:42.501977" hostname="JamesPC"><testcase classname="tests.test_my_recipes" name="test_recipe_display" file="tests\test_my_recipes.py" line="12" time="0.007" /></testsuite></testsuites>